
> nextjs@0.1.0 build
> next build

   Γû▓ Next.js 15.5.9
   - Environments: .env.local

   Creating an optimized production build ...
node.exe : 
At line:1 char:1
+ & "C:\Program 
Files\nodejs/node.exe" 
"C:\Users\ntceh\AppData
\Roaming\ ...
+ ~~~~~~~~~~~~~~~~~~~~~
~~~~~~~~~~~~~~~~~~~~~~~
~~~~~~~~~~~~~~~~~~~~~~~
~~
    + CategoryInfo     
         : NotSpe    
cified: (:String    ) 
[], RemoteExce    ption
    + FullyQualified   
 ErrorId : Native    
CommandError
 
[1m[33mwarn[39m[22m
 - The class 
`duration-[20s]` is 
ambiguous and matches 
multiple utilities.
[1m[33mwarn[39m[22m
 - If this is content 
and not a class, 
replace it with `durati
on-&lsqb;20s&rsqb;` to 
silence this warning.
 Γ£ô Compiled successfully in 61s
   Linting and checking validity of types ...

./components/admin/CsvImporter.tsx
68:11  Warning: The 'validateRow' function makes the dependencies of useEffect Hook (at line 113) change on every render. To fix this, wrap the definition of 'validateRow' in its own useCallback() Hook.  react-hooks/exhaustive-deps

info  - Need to disable some ESLint rules? Learn more here: https://nextjs.org/docs/app/api-reference/config/eslint#disabling-rules
Failed to compile.

./app/admin/questions/q
uestionbank/page.tsx:33
1:55
Type error: Property 
'createdBy' does not 
exist on type 
'Question'.

[0m [90m 329 |[39m  
 useEffect(() 
[33m=>[39m {
 [90m 330 |[39m     
[36mconst[39m 
fetchAllTeacherNames 
[33m=[39m 
[36masync[39m () 
[33m=>[39m {
[31m[1m>[22m[39m[9
0m 331 |[39m       
[36mconst[39m 
uniqueUids [33m=[39m 
[36mnew[39m [33mSet
[39m(questions[33m.[3
9mmap(q [33m=>[39m q
[33m.[39mcreatedBy)[3
3m.[39mfilter([33mBoo
lean[39m))[33m;[39m
 [90m     |[39m      
                       
                       
   [31m[1m^[22m[39m
 [90m 332 |[39m
 [90m 333 |[39m      
 [36mfor[39m 
([36mconst[39m uid 
[36mof[39m 
uniqueUids) {
 [90m 334 |[39m      
   [36mif[39m ([33m!
[39mteacherNamesCache[
uid]) {[0m
Next.js build worker 
exited with code: 1 
and signal: null
