app/admin/questions/questionbank/page.tsx(143,27): error TS2307: Cannot find module 'react-intersection-observer' or its corresponding type declarations.
app/admin/questions/questionbank/page.tsx(1015,8): error TS2304: Cannot find name 'showScrollTop'.
app/admin/questions/questionbank/page.tsx(1018,20): error TS2552: Cannot find name 'scrollToTop'. Did you mean 'scrollTo'?
app/admin/quizzes/create/page.tsx(163,9): error TS2698: Spread types may only be created from object types.
app/admin/quizzes/create/page.tsx(164,35): error TS2339: Property 'usedInQuizzes' does not exist on type 'unknown'.
app/admin/quizzes/create/page.tsx(415,26): error TS2304: Cannot find name 'writeBatch'.
app/admin/quizzes/quizebank/page.tsx(411,24): error TS2367: This comparison appears to be unintentional because the types '"public" | "series"' and '"paid"' have no overlap.
app/dashboard/student/quiz-bank/page.tsx(308,36): error TS2367: This comparison appears to be unintentional because the types '"public" | "series"' and '"paid"' have no overlap.
app/dashboard/student/quiz-bank/page.tsx(511,46): error TS2367: This comparison appears to be unintentional because the types '"public" | "series"' and '"paid"' have no overlap.
