app/admin/settings/page.tsx(80,48): error TS2339: Property 'name' does not exist on type '{ id: string; }'.
app/admin/settings/page.tsx(191,13): error TS2345: Argument of type '(prev: { fullName: string; email: string; phone: string; metadata: { course: string; courseId: string; subject: string; subjectId: string; chapter: string; chapterId: string; topic: string; difficulty: string; year: string; book: string; teacher: string; }; }) => { ...; }' is not assignable to parameter of type 'SetStateAction<{ fullName: string; email: string; phone: string; metadata: { course: string; courseId: string; subject: string; subjectId: string; chapter: string; chapterId: string; topic: string; difficulty: string; year: string; book: string; teacher: string; }; }>'.
  Type '(prev: { fullName: string; email: string; phone: string; metadata: { course: string; courseId: string; subject: string; subjectId: string; chapter: string; chapterId: string; topic: string; difficulty: string; year: string; book: string; teacher: string; }; }) => { ...; }' is not assignable to type '(prevState: { fullName: string; email: string; phone: string; metadata: { course: string; courseId: string; subject: string; subjectId: string; chapter: string; chapterId: string; topic: string; difficulty: string; year: string; book: string; teacher: string; }; }) => { ...; }'.
    Call signature return types '{ metadata: { course?: string; courseId?: string; subject?: string; subjectId?: string; chapter?: string; chapterId?: string; topic?: string; difficulty?: string; year?: string; book?: string; teacher?: string; }; fullName: string; email: string; phone: string; }' and '{ fullName: string; email: string; phone: string; metadata: { course: string; courseId: string; subject: string; subjectId: string; chapter: string; chapterId: string; topic: string; difficulty: string; year: string; book: string; teacher: string; }; }' are incompatible.
      The types of 'metadata' are incompatible between these types.
        Type '{ course?: string; courseId?: string; subject?: string; subjectId?: string; chapter?: string; chapterId?: string; topic?: string; difficulty?: string; year?: string; book?: string; teacher?: string; }' is not assignable to type '{ course: string; courseId: string; subject: string; subjectId: string; chapter: string; chapterId: string; topic: string; difficulty: string; year: string; book: string; teacher: string; }'.
          Property 'course' is optional in type '{ course?: string; courseId?: string; subject?: string; subjectId?: string; chapter?: string; chapterId?: string; topic?: string; difficulty?: string; year?: string; book?: string; teacher?: string; }' but required in type '{ course: string; courseId: string; subject: string; subjectId: string; chapter: string; chapterId: string; topic: string; difficulty: string; year: string; book: string; teacher: string; }'.
app/admin/students/foradmin/page.tsx(187,58): error TS2339: Property 'selected' does not exist on type 'object'.
app/admin/students/foradmin/page.tsx(187,86): error TS2339: Property 'answer' does not exist on type 'object'.
app/admin/students/foradmin/page.tsx(187,112): error TS2339: Property 'value' does not exist on type 'object'.
app/admin/students/foradmin/page.tsx(187,137): error TS2339: Property 'response' does not exist on type 'object'.
app/admin/students/user-results/page.tsx(110,29): error TS2339: Property 'name' does not exist on type '{}'.
app/admin/students/user-results/page.tsx(111,29): error TS2339: Property 'subject' does not exist on type '{}'.
app/admin/students/user-results/page.tsx(112,79): error TS2339: Property 'subject' does not exist on type '{}'.
components/Home/hero3.tsx(168,53): error TS2322: Type 'unknown' is not assignable to type 'ReactNode'.
